---
http_interactions:
- request:
    method: get
    uri: http://<%= api_key %>:X@bibles.org/v2/passages.js?q%5B0%5D=John%203:16&version=KJV
    body:
      encoding: US-ASCII
      string: ''
    headers: {}
  response:
    status:
      code: 302
      message: Found
    headers:
      Server:
      - nginx/1.2.6
      Date:
      - Fri, 11 Oct 2013 18:42:58 GMT
      Content-Type:
      - text/html
      Content-Length:
      - '0'
      Connection:
      - keep-alive
      X-Powered-By:
      - PHP/5.3.23
      Set-Cookie:
      - abs_session=aq%2BC2tDrjvZU8NER5%2BxutX03nrUKPFZRwDE6IAi8sPAedqjGNVzTajgfC8nl6o3WCWQCF1Xb997COUoIpYyIn9yunWRNantt5gjShX5x9IF8cX9Sz%2BHo1peojFot5uF9qQ2YNJmxtJGyg0CKiHOHjL7i9zIi8rYuLLgokMwv3NBXvSkrWYWxJqmPynDZcv9J27JYeXpKrcs%2BJ8yjakqEK%2FQjU%2BniP9wFe1fTMiY9LyrYNnNob7yXSsgtLB%2B6Wgeymog7y%2BJGIZXtUYzlpVQiyE%2Fite8%2B7RZR7%2B5sCT6q3Us%3D;
        expires=Mon, 09-Oct-2023 18:42:59 GMT; path=/; domain=.bibles.org
      - abs_session=zff6Wvd5EH7dtCXplZlQshLEf1x%2Fp%2B4wBBcI6Ys%2FONJ3N0DPZQYPWyk8XnJVfB7ynTI85fsUC%2B459Bb2csL1tOilvxywmc4m8Px7BxuJLSwejnj3Nc%2BrBV6dyZqj3th%2Bs9nl6olxulZ0Bv%2BNbnM9JG9g1kNLEaY1N9mXx31TTIIP6s1dg0WbjOofkzRrrzn%2FPcopIj7NzMXP96v0FYHQSfKc%2BXvkV96BiBMNf4qJw9pC2bYBOlALltqmE5pdUfF8n0jIcoZ%2BHzsmz1Ql4MbYGaM88zz09jZ9NxYWsw6WSln6V01dxmBjZ0lWvNw%2B%2FKIMRAWr1TpT%2FUV0rOWSFmawkD2mrBAncPbq2mda6YDyG6%2B6toqT%2Bch5ddcTWG9JBPAs;
        expires=Mon, 09-Oct-2023 18:42:59 GMT; path=/; domain=.bibles.org
      - abs_uid=a7a36224ef4c86582c78f83a33ac46f8bef45dd5; expires=Mon, 09-Oct-2023
        18:42:59 GMT; path=/; domain=.bibles.org
      Location:
      - http://bibles.org/v2/KJV/passages.js?q[]=John+3%3A16
      Vary:
      - Accept-Encoding
    body:
      encoding: US-ASCII
      string: ''
    http_version: 
  recorded_at: Fri, 11 Oct 2013 18:42:59 GMT
- request:
    method: get
    uri: http://<%= api_key %>:X@bibles.org/v2/KJV/passages.js?q%5B0%5D=John%203:16
    body:
      encoding: US-ASCII
      string: ''
    headers:
      Cookie:
      - abs_session=aq%2BC2tDrjvZU8NER5%2BxutX03nrUKPFZRwDE6IAi8sPAedqjGNVzTajgfC8nl6o3WCWQCF1Xb997COUoIpYyIn9yunWRNantt5gjShX5x9IF8cX9Sz%2BHo1peojFot5uF9qQ2YNJmxtJGyg0CKiHOHjL7i9zIi8rYuLLgokMwv3NBXvSkrWYWxJqmPynDZcv9J27JYeXpKrcs%2BJ8yjakqEK%2FQjU%2BniP9wFe1fTMiY9LyrYNnNob7yXSsgtLB%2B6Wgeymog7y%2BJGIZXtUYzlpVQiyE%2Fite8%2B7RZR7%2B5sCT6q3Us%3D
  response:
    status:
      code: 200
      message: OK
    headers:
      Server:
      - nginx/1.2.6
      Date:
      - Fri, 11 Oct 2013 18:42:58 GMT
      Content-Type:
      - application/javascript
      Content-Length:
      - '1604'
      Connection:
      - keep-alive
      X-Powered-By:
      - PHP/5.3.23
      Set-Cookie:
      - abs_session=NgN1aG8XISHhGj6wUdABQjEsDb%2BOhscA7lTSJ%2FK0Vi%2F6Ew0GVsfqY6hl5L8mE4lCDJLsMpNedkuxO0055m7EUqqi2u%2Fizdp7XIZe6Rc95hg%2FuForzjFToxVP7WfNmR5f0T2ImJcq9%2BFxqOYD%2Bnk9Z%2FYlK7WAFBOdkRLccFVQvulXEXCG8XKwP0XGU8eei1NF5nWbB6COe6xZ8lPJK443k3eU9P4xJbWMZyIewc1H99xJSvqO19Dk%2FFsKMJdMJoQ1IBoJOWWEdgrAannaVXYEk2ltSJ41BdhB%2Fo4qh95Jxk6OktSJ8su2EKi4QDk575Rk%2Bid6lLfM%2Flq15PyhsXq4VLMLoQZiYFbk95%2BEUQpQenEN7SjTkzjeFhcqvwEirXdg;
        expires=Mon, 09-Oct-2023 18:43:00 GMT; path=/; domain=.bibles.org
      - abs_uid=b367947bfb005ac5d269dd5507589cc693abfd4f; expires=Mon, 09-Oct-2023
        18:43:00 GMT; path=/; domain=.bibles.org
    body:
      encoding: US-ASCII
      string: ! '{"response":{"search":{"result":{"type":"passages","passages":[{"display":"John
        3:16","version":"KJV","version_abbreviation":"KJV","path":"\/chapters\/KJV:John.3\/verses.js?start=16&end=16","start_verse_id":"KJV:John.3.16","end_verse_id":"KJV:John.3.16","text":"<span
        class=\"para\"><span class=\"v43_3_16\"> <sup class=\"v43_3_16\">16<\/sup>
        For God so loved the world, that he gave his only begotten Son, that whosoever
        believeth in him should not perish, but have everlasting life.<\/span><\/span>","copyright":"King
        James Version 1611 (Authorized Version). Copyright status: UK English with
        BFBS additions \u00a9 2011 British and Foreign Bible Society; Crown Copyright
        in UK"}]}},"meta":{"fums":"<script>\nvar _BAPI=_BAPI||{};\nif(typeof(_BAPI.t)===''undefined''){\ndocument.write(''\\x3Cscript
        src=\"''+document.location.protocol+''\/\/d2ue49q0mum86x.cloudfront.net\/include\/fums.c.js\"\\x3E\\x3C\/script\\x3E'');}\ndocument.write(\"\\x3Cscript\\x3E_BAPI.t(''525846b3ee4378.14225614'');\\x3C\/script\\x3E\");\n<\/script><noscript><img
        src=\"https:\/\/d3a2okcloueqyx.cloudfront.net\/nf1?t=525846b3ee4378.14225614\"
        height=\"1\" width=\"1\" border=\"0\" alt=\"\" style=\"height: 0; width: 0;\"
        \/><\/noscript>","fums_tid":"525846b3ee4378.14225614","fums_js_include":"d2ue49q0mum86x.cloudfront.net\/include\/fums.c.js","fums_js":"var
        _BAPI=_BAPI||{};if(typeof(_BAPI.t)!=''undefined''){ _BAPI.t(''525846b3ee4378.14225614'');
        }","fums_noscript":"<img src=\"https:\/\/d3a2okcloueqyx.cloudfront.net\/nf1?t=525846b3ee4378.14225614\"
        height=\"1\" width=\"1\" border=\"0\" alt=\"\" style=\"height: 0; width: 0;\"
        \/>"}}}'
    http_version: 
  recorded_at: Fri, 11 Oct 2013 18:43:00 GMT
- request:
    method: get
    uri: http://<%= api_key %>:X@bibles.org/v2/passages.js?q%5B0%5D=John%203:16-ff&version=KJV
    body:
      encoding: US-ASCII
      string: ''
    headers: {}
  response:
    status:
      code: 302
      message: Found
    headers:
      Server:
      - nginx/1.2.6
      Date:
      - Fri, 11 Oct 2013 18:43:01 GMT
      Content-Type:
      - text/html
      Content-Length:
      - '0'
      Connection:
      - keep-alive
      X-Powered-By:
      - PHP/5.3.23
      Set-Cookie:
      - abs_session=BcaofWT4q5WxX9r%2FeSXt%2BBfvJnpmcPtN9nYTcJO6FuiN4LK4SjgmGZPRWLbQ5HCCx2b4QLq634w8M%2BTmEUlruKAjyGhcDbOY1%2FpL5qs7mx14cBBgNQ4gn5i%2BArZONjTfZfkhV4AED3rc6T%2B8SXH65auVRDTaThN%2Fm4DSMH%2FWIP%2Bxi8wcF%2FXN%2BWaJssNeRharxW3qedfF4geoDmLr5qNdDF1aQZxHBwmvH7D1jLIZ9B6Ld%2Fk9A5AcisQVDPPnyjw549S6eIgmzQslMVAgqD017ELtwzmJTINYwmxGQ%2BHVRdE%3D;
        expires=Mon, 09-Oct-2023 18:43:02 GMT; path=/; domain=.bibles.org
      - abs_session=UWXyU8pa5K4reziZ%2Fzv3LiMyfCpU7TVA7ihz1mZlTV0t6JcUwMUkP9KxWU8i6tb6GtISCwZ2YndDnUzMNxlBAnKHlpXxUNzgmcF6zxlUswxSW2NpzknEOMRlWteJ8LKyww9zsLm9PH%2FCHGgtwuyK6uqH09QNfPCMSftpZNCkI3WYY4EFMRal5WI%2FDfRz4BYuchkibOP4Bs5GjkwUfyhoEBje8dVTcRWrQXAb7w2it4KctbA35ULTIe267UPGo809xkcsYmlzBdoety3BRhm%2BwTkblScuscOptgLdGlNZAeBvEy4t%2Bo3m1pgKB9BnpxfMWuceOBR7u5ycddJ7j0QcKMcswbj%2BctoOMdcTJY2%2B%2BvrOPlfE%2F273TVq4VoJOruLr;
        expires=Mon, 09-Oct-2023 18:43:02 GMT; path=/; domain=.bibles.org
      - abs_uid=ad50791f2912be984170dfa934e603b69ce0dd82; expires=Mon, 09-Oct-2023
        18:43:02 GMT; path=/; domain=.bibles.org
      Location:
      - http://bibles.org/v2/KJV/passages.js?q[]=John+3%3A16-ff
      Vary:
      - Accept-Encoding
    body:
      encoding: US-ASCII
      string: ''
    http_version: 
  recorded_at: Fri, 11 Oct 2013 18:43:02 GMT
- request:
    method: get
    uri: http://<%= api_key %>:X@bibles.org/v2/KJV/passages.js?q%5B0%5D=John%203:16-ff
    body:
      encoding: US-ASCII
      string: ''
    headers:
      Cookie:
      - abs_session=BcaofWT4q5WxX9r%2FeSXt%2BBfvJnpmcPtN9nYTcJO6FuiN4LK4SjgmGZPRWLbQ5HCCx2b4QLq634w8M%2BTmEUlruKAjyGhcDbOY1%2FpL5qs7mx14cBBgNQ4gn5i%2BArZONjTfZfkhV4AED3rc6T%2B8SXH65auVRDTaThN%2Fm4DSMH%2FWIP%2Bxi8wcF%2FXN%2BWaJssNeRharxW3qedfF4geoDmLr5qNdDF1aQZxHBwmvH7D1jLIZ9B6Ld%2Fk9A5AcisQVDPPnyjw549S6eIgmzQslMVAgqD017ELtwzmJTINYwmxGQ%2BHVRdE%3D
  response:
    status:
      code: 200
      message: OK
    headers:
      Server:
      - nginx/1.2.6
      Date:
      - Fri, 11 Oct 2013 18:43:02 GMT
      Content-Type:
      - application/javascript
      Content-Length:
      - '5754'
      Connection:
      - keep-alive
      X-Powered-By:
      - PHP/5.3.23
      Set-Cookie:
      - abs_session=F6hVNbbumQ2lmpeMuAmOMLnoTWHskTRilz6%2FLrwPiULKnMouQAtyG8YnrIRFvEMLjNGn6zHZKDVITu2%2Bcda0hdFGSF4rxQeznrrcqW2UC9h6fzLqurdXV4388wgq3OF4sncxIEKAITb5LzllkkNaJFgjcAQoba9A3c9r5xk3Sayk2P5etqd4GMRb0ScZXqv9ntzhD98yUUCOBKDKFpwvkhxZUvAHDdtLSc1s26QITSYoix6%2BHomoEagO4T6Z7mULoJKFVJQ%2F9vClb5OgW2DaCEZmWYwtZ4NXj52igjPl6KgkF1jgdLXYCuMO5icZj41CmaCkYLqNIgtZB1jMf3MfxBaa1PBaP3%2FuyOc1%2FNw1GD9YSeBqhLqdU5MIJRtNDoKU;
        expires=Mon, 09-Oct-2023 18:43:03 GMT; path=/; domain=.bibles.org
      - abs_uid=14df5b7354d3f7ed5615d39f25af502143d3a1ae; expires=Mon, 09-Oct-2023
        18:43:03 GMT; path=/; domain=.bibles.org
    body:
      encoding: US-ASCII
      string: ! '{"response":{"search":{"result":{"type":"passages","passages":[{"display":"John
        3:16-36","version":"KJV","version_abbreviation":"KJV","path":"\/chapters\/KJV:John.3\/verses.js?start=16&end=36","start_verse_id":"KJV:John.3.16","end_verse_id":"KJV:John.3.36","text":"<span
        class=\"para\"><span class=\"v43_3_16\"> <sup class=\"v43_3_16\">16<\/sup>
        For God so loved the world, that he gave his only begotten Son, that whosoever
        believeth in him should not perish, but have everlasting life.<\/span><\/span><span
        class=\"para\"><span class=\"v43_3_17\"> <sup class=\"v43_3_17\">17<\/sup>
        For God sent not his Son into the world to condemn the world; but that the
        world through him might be saved.<\/span><\/span><span class=\"para\"><span
        class=\"v43_3_18\"> <sup class=\"v43_3_18\">18<\/sup> He that believeth on
        him is not condemned: but he that believeth not is condemned already, because
        he hath not believed in the name of the only begotten Son of God.<\/span><\/span><span
        class=\"para\"><span class=\"v43_3_19\"> <sup class=\"v43_3_19\">19<\/sup>
        And this is the condemnation, that light is come into the world, and men loved
        darkness rather than light, because their deeds were evil.<\/span><\/span><span
        class=\"para\"><span class=\"v43_3_20\"> <sup class=\"v43_3_20\">20<\/sup>
        For every one that doeth evil hateth the light, neither cometh to the light,
        lest his deeds should be reproved.<\/span><\/span><span class=\"para\"><span
        class=\"v43_3_21\"> <sup class=\"v43_3_21\">21<\/sup> But he that doeth truth
        cometh to the light, that his deeds may be made manifest, that they are wrought
        in God.<\/span><\/span><span class=\"para\"><span class=\"v43_3_22\"> <sup
        class=\"v43_3_22\">22<\/sup> After these things came Jesus and his disciples
        into the land of Jud\u00e6a; and there he tarried with them, and baptized.<\/span><\/span><span
        class=\"para\"><span class=\"v43_3_23\"> <sup class=\"v43_3_23\">23<\/sup>
        And John also was baptizing in \u00c6non near to Salim, because there was
        much water there: and they came, and were baptized.<\/span><\/span><span class=\"para\"><span
        class=\"v43_3_24\"> <sup class=\"v43_3_24\">24<\/sup> For John was not yet
        cast into prison.<\/span><\/span><span class=\"para\"><span class=\"v43_3_25\">
        <sup class=\"v43_3_25\">25<\/sup> Then there arose a question between some
        of John''s disciples and the Jews about purifying.<\/span><\/span><span class=\"para\"><span
        class=\"v43_3_26\"> <sup class=\"v43_3_26\">26<\/sup> And they came unto John,
        and said unto him, Rabbi, he that was with thee beyond Jordan, to whom thou
        barest witness, behold, the same baptizeth, and all men come to him.<\/span><\/span><span
        class=\"para\"><span class=\"v43_3_27\"> <sup class=\"v43_3_27\">27<\/sup>
        John answered and said, A man can receive nothing, except it be given him
        from heaven.<\/span><\/span><span class=\"para\"><span class=\"v43_3_28\">
        <sup class=\"v43_3_28\">28<\/sup> Ye yourselves bear me witness, that I said,
        I am not the Christ, but that I am sent before him.<\/span><\/span><span class=\"para\"><span
        class=\"v43_3_29\"> <sup class=\"v43_3_29\">29<\/sup> He that hath the bride
        is the bridegroom: but the friend of the bridegroom, which standeth and heareth
        him, rejoiceth greatly because of the bridegroom''s voice: this my joy therefore
        is fulfilled.<\/span><\/span><span class=\"para\"><span class=\"v43_3_30\">
        <sup class=\"v43_3_30\">30<\/sup> He must increase, but I must decrease.<\/span><\/span><span
        class=\"para\"><span class=\"v43_3_31\"> <sup class=\"v43_3_31\">31<\/sup>
        He that cometh from above is above all: he that is of the earth is earthly,
        and speaketh of the earth: he that cometh from heaven is above all.<\/span><\/span><span
        class=\"para\"><span class=\"v43_3_32\"> <sup class=\"v43_3_32\">32<\/sup>
        And what he hath seen and heard, that he testifieth; and no man receiveth
        his testimony.<\/span><\/span><span class=\"para\"><span class=\"v43_3_33\">
        <sup class=\"v43_3_33\">33<\/sup> He that hath received his testimony hath
        set to his seal that God is true.<\/span><\/span><span class=\"para\"><span
        class=\"v43_3_34\"> <sup class=\"v43_3_34\">34<\/sup> For he whom God hath
        sent speaketh the words of God: for God giveth not the Spirit by measure unto
        him.<\/span><\/span><span class=\"para\"><span class=\"v43_3_35\"> <sup class=\"v43_3_35\">35<\/sup>
        The Father loveth the Son, and hath given all things into his hand.<\/span><\/span><span
        class=\"para\"><span class=\"v43_3_36\"> <sup class=\"v43_3_36\">36<\/sup>
        He that believeth on the Son hath everlasting life: and he that believeth
        not the Son shall not see life; but the wrath of God abideth on him.<\/span><\/span>","copyright":"King
        James Version 1611 (Authorized Version). Copyright status: UK English with
        BFBS additions \u00a9 2011 British and Foreign Bible Society; Crown Copyright
        in UK"}]}},"meta":{"fums":"<script>\nvar _BAPI=_BAPI||{};\nif(typeof(_BAPI.t)===''undefined''){\ndocument.write(''\\x3Cscript
        src=\"''+document.location.protocol+''\/\/d2ue49q0mum86x.cloudfront.net\/include\/fums.c.js\"\\x3E\\x3C\/script\\x3E'');}\ndocument.write(\"\\x3Cscript\\x3E_BAPI.t(''525846b710bd73.05251608'');\\x3C\/script\\x3E\");\n<\/script><noscript><img
        src=\"https:\/\/d3a2okcloueqyx.cloudfront.net\/nf1?t=525846b710bd73.05251608\"
        height=\"1\" width=\"1\" border=\"0\" alt=\"\" style=\"height: 0; width: 0;\"
        \/><\/noscript>","fums_tid":"525846b710bd73.05251608","fums_js_include":"d2ue49q0mum86x.cloudfront.net\/include\/fums.c.js","fums_js":"var
        _BAPI=_BAPI||{};if(typeof(_BAPI.t)!=''undefined''){ _BAPI.t(''525846b710bd73.05251608'');
        }","fums_noscript":"<img src=\"https:\/\/d3a2okcloueqyx.cloudfront.net\/nf1?t=525846b710bd73.05251608\"
        height=\"1\" width=\"1\" border=\"0\" alt=\"\" style=\"height: 0; width: 0;\"
        \/>"}}}'
    http_version: 
  recorded_at: Fri, 11 Oct 2013 18:43:03 GMT
- request:
    method: get
    uri: http://<%= api_key %>:X@bibles.org/v2/passages.js?q%5B0%5D=NonexistentBook%201:1-16&version=KJV
    body:
      encoding: US-ASCII
      string: ''
    headers: {}
  response:
    status:
      code: 302
      message: Found
    headers:
      Server:
      - nginx/1.2.6
      Date:
      - Fri, 11 Oct 2013 18:43:02 GMT
      Content-Type:
      - text/html
      Content-Length:
      - '0'
      Connection:
      - keep-alive
      X-Powered-By:
      - PHP/5.3.23
      Set-Cookie:
      - abs_session=4zMj868aDVQZCXCi19OWfrBPeBxhm8jUBzxNCSXrk09wOMhkJEL0fY7qDo8BOyR8WdIYoJYE3Sqrb2gG0D%2BXFY%2FhTtaHAdRwXIMNtaOhxlZsHI1n%2BOURz5anKii6fpwEGIaOYpj0qrDIZnWeP23JDd9%2BrvkpoBpxQdybDRMBmITzH%2Fw5HGFTQYkiUqr6U0qqeODyjAF%2Fomedv4tdR9bh28u6uVh3H%2BolgPQmVEUxTSQba%2BzpCO93YKBxhswliZC6wAiO0Zis9N7jo%2FOtBmwG0Jlb0oivNpxvFfySd6gN9J6Wh0HbruqQclh4nx4xeA%2Frh%2F0HcTBfnIQthIh0r5b9Ti3utYGZ%2BviyFUwEUitKyyhqvNRvSypbTEkGqvfxnQoH;
        expires=Mon, 09-Oct-2023 18:43:03 GMT; path=/; domain=.bibles.org
      - abs_session=7jcevDeUGXlnAEWIhadBkic9hPL777QzSsoBPzCPkpLDKgGk6HYHTQH1Jtpbz4HKqx9yo0OFwWWbRYxUFKYGcSsYCTekLj%2FDO6OnmVvLiI0%2F7sr48iSGgOsAx9t8g6T%2Ff1O7%2FdkWk71koTTT3QUhCHnkG%2B%2F1yz9Q5EykBWe1U3gBpueM4b%2FCMcqopfoAhHamzB3rrdqlpYYmtuJCcHwBg7lLLoNPreJt2hT2o0e%2B1opGztmGWKsHwYdeUgnST%2FMbdZ0VtMoOZTnIirkIJQPtMXzPShfqWzRP9gIP9vHjkL4%3D;
        expires=Mon, 09-Oct-2023 18:43:03 GMT; path=/; domain=.bibles.org
      - abs_uid=977a6dd3afa8b738d9512db121d53367042f86d2; expires=Mon, 09-Oct-2023
        18:43:03 GMT; path=/; domain=.bibles.org
      Location:
      - http://bibles.org/v2/KJV/passages.js?q[]=NonexistentBook+1%3A1-16
      Vary:
      - Accept-Encoding
    body:
      encoding: US-ASCII
      string: ''
    http_version: 
  recorded_at: Fri, 11 Oct 2013 18:43:03 GMT
- request:
    method: get
    uri: http://<%= api_key %>:X@bibles.org/v2/KJV/passages.js?q%5B0%5D=NonexistentBook%201:1-16
    body:
      encoding: US-ASCII
      string: ''
    headers:
      Cookie:
      - abs_session=7jcevDeUGXlnAEWIhadBkic9hPL777QzSsoBPzCPkpLDKgGk6HYHTQH1Jtpbz4HKqx9yo0OFwWWbRYxUFKYGcSsYCTekLj%2FDO6OnmVvLiI0%2F7sr48iSGgOsAx9t8g6T%2Ff1O7%2FdkWk71koTTT3QUhCHnkG%2B%2F1yz9Q5EykBWe1U3gBpueM4b%2FCMcqopfoAhHamzB3rrdqlpYYmtuJCcHwBg7lLLoNPreJt2hT2o0e%2B1opGztmGWKsHwYdeUgnST%2FMbdZ0VtMoOZTnIirkIJQPtMXzPShfqWzRP9gIP9vHjkL4%3D
  response:
    status:
      code: 200
      message: OK
    headers:
      Server:
      - nginx/1.2.6
      Date:
      - Fri, 11 Oct 2013 18:43:02 GMT
      Content-Type:
      - application/javascript
      Content-Length:
      - '987'
      Connection:
      - keep-alive
      X-Powered-By:
      - PHP/5.3.23
      Set-Cookie:
      - abs_session=G19nDWOyVBenuWSio7OYlpzMNl8SljiR%2BYXnfJ0M624v0MAN0ZrtrQM%2FXRdrvER7rKBDIQdruDqFzb0ySDSlQvwO9spEEyRZtRh69M3o9qFveznwcoa0k059oIJc5ZPBXh97E4QU%2Bp2h1%2BRuaeReFggOSudJBtPSX6mS0Eld2wJqVH1YV9NmDnqLRIMZZFD8rs6h6G30dgvBZ4%2B1WJM7R6KXazU3bYiphqI4fpzHN6aeDMuq0h8jJJtCcdJYmOF068Zomn5MftpkmvECRnxFx1d0ljiwx%2BAvPZ%2B%2BumZl%2F2tGyU2iHjH%2BiBv5rFcXXL%2FLa6a5ZAMnEgQFXCEPjchGAq%2FOWOQCcdTg4thHAPgUO86A51bNzZRpCNWFGvJmy9O%2F;
        expires=Mon, 09-Oct-2023 18:43:03 GMT; path=/; domain=.bibles.org
      - abs_uid=16cb4df4f9e71b3719108d7c15446aee355b7760; expires=Mon, 09-Oct-2023
        18:43:03 GMT; path=/; domain=.bibles.org
    body:
      encoding: US-ASCII
      string: ! '{"response":{"search":{"result":{"type":"passages","passages":[]}},"meta":{"fums":"<script>\nvar
        _BAPI=_BAPI||{};\nif(typeof(_BAPI.t)===''undefined''){\ndocument.write(''\\x3Cscript
        src=\"''+document.location.protocol+''\/\/d2ue49q0mum86x.cloudfront.net\/include\/fums.c.js\"\\x3E\\x3C\/script\\x3E'');}\ndocument.write(\"\\x3Cscript\\x3E_BAPI.t(''525846b7a4b207.22146510'');\\x3C\/script\\x3E\");\n<\/script><noscript><img
        src=\"https:\/\/d3a2okcloueqyx.cloudfront.net\/nf1?t=525846b7a4b207.22146510\"
        height=\"1\" width=\"1\" border=\"0\" alt=\"\" style=\"height: 0; width: 0;\"
        \/><\/noscript>","fums_tid":"525846b7a4b207.22146510","fums_js_include":"d2ue49q0mum86x.cloudfront.net\/include\/fums.c.js","fums_js":"var
        _BAPI=_BAPI||{};if(typeof(_BAPI.t)!=''undefined''){ _BAPI.t(''525846b7a4b207.22146510'');
        }","fums_noscript":"<img src=\"https:\/\/d3a2okcloueqyx.cloudfront.net\/nf1?t=525846b7a4b207.22146510\"
        height=\"1\" width=\"1\" border=\"0\" alt=\"\" style=\"height: 0; width: 0;\"
        \/>"}}}'
    http_version: 
  recorded_at: Fri, 11 Oct 2013 18:43:03 GMT
recorded_with: VCR 2.6.0
