---
http_interactions:
- request:
    method: get
    uri: http://<%= api_key %>:X@bibles.org/v2/search.js?query=john%203:16
    body:
      encoding: US-ASCII
      string: ''
    headers: {}
  response:
    status:
      code: 302
      message: Found
    headers:
      Server:
      - nginx/1.2.6
      Date:
      - Fri, 11 Oct 2013 20:56:26 GMT
      Content-Type:
      - text/html
      Content-Length:
      - '0'
      Connection:
      - keep-alive
      X-Powered-By:
      - PHP/5.3.23
      Set-Cookie:
      - abs_session=34TdjMJ1c%2BPeVfblRj0WIf91hIbq0oB616hCPx2ZgrSVF7FLbF79gpwl%2Bkx8z4XCUcYOFhRcPHJcIrjox3uwUTcv2D2wYouayNlQksPHJ53aJFwWnurOy%2BLvVHMH6RmugA7kZ8GZV58YKw%2FxHtW9EuzcDyqE7lzlu%2FvqfKnYFYCISbBIKkr0%2FfML2TiWYdKg%2BVEhmImt%2F5HiOIj41JKUDEivgIGna2yOl9K2sgIX85PNfoxBN2A5hVCG01lJdyMqohUz1qBNV7kmm4NHM%2BurduLCI3Zlki%2Bbg%2Fhhj620OhyqIgzOjm2Tz%2F%2BOSqOZH2J38PuW1OyTUfKzxczzUj0rx2%2F2Eu1rUA%2B5fITauIrLw51plvKnCoT7xnvLnV156kqejCQLV7iQXN%2B9%2BR4sZA%2FSfCsjKcXdEq8voTlKANWYZdk%3D;
        expires=Mon, 09-Oct-2023 20:56:27 GMT; path=/; domain=.bibles.org
      - abs_session=4xOhQ55KnnS%2BuDbcD0QdWl5Cfj18aehc5noJo9bK6v%2BsburxNet69hrDOaGzTgSp3v1X%2FDUhb0xIMUGFyFUwyzqY%2BHg62qZph7CW1LpKn5zqQjy8bBuMWQfGh0B2W0RvbLS5s4PvtmeQhhQsbYJg4rUv6z3OuDGJ%2FVH2CrJ6qd16xnsVArRvM9D69YMgmMA%2BbAar9%2ByXoof4QIRgWGSUcm8vb5jKzTmQl34CQv19upB3oqgLAVD53euLQem8lO13jJY8F6cfzpvy86fw9p1IOTsJft4%2BiGIq0CxRH7XDVhUUFVnXW73fVatEHrlDPk1Pp27WS5k5TCkLgaWsdnSNConiNYYtjlSmgZSCFCvSfoerTc74PVUTGm%2F4B3hxbjVFmk8eG1sOjbWEW%2BlF0MBmRGAeVc5t8TCa4g9RYPPpncJA4NaKV%2BN7fcQNiNsaUu7ye3zi8M8EIB1GGy52vmTIvg%3D%3D;
        expires=Mon, 09-Oct-2023 20:56:27 GMT; path=/; domain=.bibles.org
      - abs_session=EYWIKcDymsxJwWSSbqX4RlCGuZthZg6Xpqaqus74Ekf9hG6pyjrn%2FGT02SrXKgya8Xks082xbZSCcQZ3RjqwIkCX0v5lSLY4RJqNeLbD0BE41woFocgnDxpMLYFCE7lCEpNp9GILW8MdHjdDfthcUwaQrtThe8MNti%2FRBgPHy%2B%2B7QAeJhJ5XaSE4eYb6yVsqsU8ZE5qtWLOFLWqmQICRbkFg5PCP%2Foyu3%2F%2B%2FvjhQVGuLdbWBuTQTZVR6V2Zlz7hCDVnkJKbthkbu5hMarDdUWaA3S2oiF6yA3U58OYlvpKfD7tHDnrV188BUPKoojhLqehbjGtfbDH3s6IMvzJndCfKDgIvefjEPYas38s87zOKBTyKMy7Wx1jZvaqiu7BEflTXDQ6g7vf8Ed1wUF4aOQSKIsO%2BJ6PsvrZxRBpzPRWe%2BBlFriVJaxBdonWKThZD6z9Ind9Quod6JqBuvHsgtBnUmGgzDqfEh6g9PyjukaBmG5sgRsezPGk2VnM15tTjTGdM9phfzXG0AiuDvBfWgn77S6Jmky%2BLg3ABkZJkjW7M%3D;
        expires=Mon, 09-Oct-2023 20:56:27 GMT; path=/; domain=.bibles.org
      - abs_session=L8THVd5onbmIItJYttPGtVy0vDAmzBkiCxkx7vyC4DoWWmNGmN6lS2X8Ikxy4pjcjN%2FRWjSGZ5nn9iKwS%2FdAFE%2Fax3WI1wNXCKVx7dEzoQC8V0ZIZHBJWL0NGIH340qPhy%2FAVOExIMGioCv3nw1GZjhr69Y7MuuISiLNM4kf0Va2ZqsbeFBJpOCfx5b8WE178JT65f%2FR8TpliKYFH94JZ7r8nc4X4FOuC2O45sOdPCXK60WQR97YyHVibC34Pn%2FbDKw0Vb77GgbkijJu%2BZTFGwiOjcGotlKJIiZhkry5BZOqY5yifGm9HUFhQO98RVbPgZXVzKt3Hp2%2FEcf43RAMAzX7lzrDRdWlxvT7UOEMMhwqkRK4CGKv6%2FSjk51dHAYpMt5Oo%2BNkZuT%2B%2BNI36ppBwyvfhDuNqBU4lQDRL2%2FyxTb%2FirSuhR3QdN%2BlgghZeGfVxkJu38VGX8VU1BVVqAhLvjkUJ3VckIxLhTTbVA80%2FKpS8zlFB00iIwcNu0SmBauE;
        expires=Mon, 09-Oct-2023 20:56:27 GMT; path=/; domain=.bibles.org
      - abs_session=LJZRP8ysIftFHQZTnwPXecMSNtZjPGTOvRJH0qAfw01w0eRr%2FpoT2MLv1Fhvvj2Pwakj%2BFRE1B4l62LmFvRuIrJInjFMAFaJvevVJTXMZ62F93YX5Ve6Pe86iFpG76XLUmkaZfi4ZHFw5DFfBaG%2FJlMcFkw5M2vZnUYpTNUodnBZmcoXfTfA3nrpRaTGH1BoZ9hdoXC9y7hES6%2BB5l2f1aFaICBcQZwtzHpvQqDARiR5o6ffRtKHKEj69oDaDRdKF0C2MSH%2BCUKGHIVJlZieVZl2xaxeaL1cbVKyonDqXFC9KTRlHrofpd6au%2ByTu0J2luRrFehQ6UF5Ic52RyInileYuXI4Ycf9IcJtyrzieOw1A6M0ce7M2%2FJQJKB1kag8;
        expires=Mon, 09-Oct-2023 20:56:12 GMT; path=/; domain=.bibles.org
      - abs_session=NNNVMpyUKfS0Z7NWoSZ96%2BhaovrmtrQhppCaux4iV2FAAk757hEx%2FFnR8VpKU%2B8j9t4PjCnkl1Xokq62miJy%2FsXnYu9dPpcNTLpN5W8AdqyLHeLlZVhKQE3BolR2eKciTRN3ShsR6AZJ0TJOLr6qmLbRhIOVrub8aF0EHW7TGbA0hEM7f3bv3cHtzL4M5tuPmK1V%2BN2XIirkzhR3%2BfyhOsjmQdCv0lZ3zqc9QFITQ1oXBdJBH1ZY2TDL5B%2FIcS%2BS3T4vxyggyNGJR7F%2FQbDCDHJnu7J6TB2PVg2Oi%2FB6IXo%3D;
        expires=Mon, 09-Oct-2023 20:56:12 GMT; path=/; domain=.bibles.org
      - abs_session=T47whhUKHDKiYskw2HQyKsVPR2soZR1SUBiYKmWGqyrg582IYR3UpuXVHBJOXSq4QurXJa19sYF7wOPB81e3PsQnem99p6bSHud83W8LdeO5%2BO01yaY4xjLHGPT%2Bu2ngnEgwVGGhMTAPTwekFPjKplrdiM9Ea%2B2CWnhJEV49%2BaM979Vb1zJxUJonQy2fSzXnwXCDZfGCc27bWTX5PO4vus8Nc%2F5gBuTovbkTRVX5eVGoss2lvgOwWE0JORPOh%2FSbdld8kQxPwgBwsKcE7BeZNzhPJHH4Atza4XevqwhEebZ19X4rBlxM838HNgrwgi4pjelwLazKRFkMx0Gwa02wL%2FBou0ZUDUtJoabDNtgcFYIh1uR6i2N5%2BaOlxPv%2BKPbiiRgjr4rKh7c3JVns92Xjyl8sv1kpvkMRCfh%2BR8feWPakX%2F2b5vn8KbXmCwKfeJLJMs2rdIoRxroV3nPElsFunw%3D%3D;
        expires=Mon, 09-Oct-2023 20:56:27 GMT; path=/; domain=.bibles.org
      - abs_session=rA8x0mnbgqBPHzyGCt5bqNEX6or%2FxADKyv%2FpaoysSjobLMoqvMdO3S4BBvVR1s%2B66fK8fufr0CGI1lNyvHB5%2FbALIukUDm3GToEW6DXNrFbtEU741zcZE9%2FsPSVPGb2MvFIm3w62UPtBq8UWXuyKCH%2Bf%2F8ha965kocCmsTX9jtfjc31C8D%2FTawzhtlXKcg2qpTEBNsMLZCrPkop9B79MWzCLhBxw1b1fHk6W0E%2BhAnywKgGJ8Yhki1HsnoXhvVzx8t%2FysfsC%2BiFQPdkQQuLMzV%2BbxFmKzohDAN4%2B1zsGF676uqDR4iyuUu0rGtLyhWKLZ%2F%2FDqeaeiC%2BDaVQY0PRr6JiSqLMUBWsvwyG%2Bp%2F%2BUxwiF4awfdPsClmCtmKHZZDmPbUgh7SrLNtuqnbLzekqTK0VngE7IRASburp1Zj12ZBb09dtCbzYv0wDaRzQ9zAPN1aR4iE1DZR%2FX9EryIdBq8J6DfkoiDkzIWTbQs22R%2FfigM9MaL3%2FAOrGcDZj4A378tCp%2BuES1ZiJlrhfePLo8%2F16T3a%2Bd%2FJns6ZWUFU3U9LBO9YkXB93Cmt80b0gl984sehQ22vgtXCy%2F57YAAZHegR0h9RLx%2BSRQE6jeb3DErIEiNIr8IYBFMv8rpm%2FcXQCw%2BwLVOp76sJh4nZuKD38w2bj9TPM%2BFwY32Ch6E3DaYZ2GtOKQAGvj8xgSHS3nrGyg0Jk8kpN9e0vMwv6LnKCa3Qze2c5GVJlYOeVhJiIZ8rNhUUL2nfSeblb90Ofs1YT8DbxsU8qIOmbYRhBY3XUC1q%2FbjTwfR5y%2Fl14AlPkuU8ZF5ADI9PgpZW1G4mf%2F3Bpf%2BU1T1NoCvjeeFcU4uLeJ41jcuaWy%2FXeZNWZvLjYy9FHX6E9iVsDK2rKdRoHodfZcTMVMNop3myc1WS8Oqq5iUgTwDwJt7GSBqk7gOgem0JGztGs2w7R30r005Ecte0psNdKMFNrTqkHfaIS6oMuKplTo5mLlxVciRFc1ogXnzKE53GfEh%2BiembG2jH4xCflEUefZEGpmsrlISlI3sygiRiEJZZnT1%2FI6Fs7m0OrpEQ4kDPXDUNnnzFHqtcEh1EuebpIiXT%2FSOGmRZjrRMn3%2BAg%3D%3D;
        expires=Mon, 09-Oct-2023 20:56:27 GMT; path=/; domain=.bibles.org
      - abs_uid=792976981d8e697444f7630048758c68e58cf42b; expires=Mon, 09-Oct-2023
        20:56:12 GMT; path=/; domain=.bibles.org
      Location:
      - http://bibles.org/v2/ALL/passages.js?q[]=john+3%3A16
      Vary:
      - Accept-Encoding
    body:
      encoding: US-ASCII
      string: ''
    http_version: 
  recorded_at: Fri, 11 Oct 2013 20:56:27 GMT
- request:
    method: get
    uri: http://<%= api_key %>:X@bibles.org/v2/ALL/passages.js?q%5B0%5D=john%203:16
    body:
      encoding: US-ASCII
      string: ''
    headers:
      Cookie:
      - abs_session=NNNVMpyUKfS0Z7NWoSZ96%2BhaovrmtrQhppCaux4iV2FAAk757hEx%2FFnR8VpKU%2B8j9t4PjCnkl1Xokq62miJy%2FsXnYu9dPpcNTLpN5W8AdqyLHeLlZVhKQE3BolR2eKciTRN3ShsR6AZJ0TJOLr6qmLbRhIOVrub8aF0EHW7TGbA0hEM7f3bv3cHtzL4M5tuPmK1V%2BN2XIirkzhR3%2BfyhOsjmQdCv0lZ3zqc9QFITQ1oXBdJBH1ZY2TDL5B%2FIcS%2BS3T4vxyggyNGJR7F%2FQbDCDHJnu7J6TB2PVg2Oi%2FB6IXo%3D
  response:
    status:
      code: 200
      message: OK
    headers:
      Server:
      - nginx/1.2.6
      Date:
      - Fri, 11 Oct 2013 20:56:27 GMT
      Content-Type:
      - application/javascript
      Transfer-Encoding:
      - chunked
      Connection:
      - keep-alive
      X-Powered-By:
      - PHP/5.3.23
      Set-Cookie:
      - abs_session=5OTkLNb6E9z1a6MrRCGKnD14P9uICW2%2FoImXDkIiixcR2rn19PIY9liRsmSJuDHo9GJ1JqisNMBz2idzu3UI4aToVn4eCkzCfF9lgLKbiNJpExA9jXb8vYW5ET4A9jgMzImFjIJTGVl%2FXPDVBdEPfeXnoxGvt1BdQ7oZoeDfMBTBJXOwb79xW2Kez0ev9W5zOvxFP%2FGjDVvLYF621V13xmV4Ef3KPEeGfEArEaBXKWp8duxNft41Nclm51AVCnFCWcVeUyhChNR54RcRwRue%2BkR7asgcIfp5L18sBuyNZv%2BoMu3g8sN%2FMLyja3Gc1I6d7eoh0v2z0hwCvBBsFhtRCfTnPCIbYs6htWe4L7FJZy2lFyoqjgT7vckJ5ycwrSaq;
        expires=Mon, 09-Oct-2023 20:56:27 GMT; path=/; domain=.bibles.org
      - abs_uid=6621583034d448f994b4f21b2ca4550b516e6abd; expires=Mon, 09-Oct-2023
        20:56:27 GMT; path=/; domain=.bibles.org
    body:
      encoding: US-ASCII
      string: ! '{"response":{"search":{"result":{"type":"passages","passages":[{"display":"John
        3:16","version":"eng-MSG","version_abbreviation":"MSG","path":"\/chapters\/eng-MSG:John.3\/verses.js?start=16&end=16","start_verse_id":"eng-MSG:John.3.16","end_verse_id":"eng-MSG:John.3.16","text":"<p
        class=\"p\"><sup id=\"John.3.16-John.3.18\" class=\"v\">16-18<\/sup>\"This
        is how much God loved the world: He gave his Son, his one and only Son. And
        this is why: so that no one need be destroyed; by believing in him, anyone
        can have a whole and lasting life. God didn''t go to all the trouble of sending
        his Son merely to point an accusing finger, telling the world how bad it was.
        He came to help, to put the world right again. Anyone who trusts in him is
        acquitted; anyone who refuses to trust him has long since been under the death
        sentence without knowing it. And why? Because of that person''s failure to
        believe in the one-of-a-kind Son of God when introduced to him.<\/p>","copyright":null},{"display":"John
        3:16","version":"eng-CEVUK","version_abbreviation":"CEVUK","path":"\/chapters\/eng-CEVUK:John.3\/verses.js?start=16&end=16","start_verse_id":"eng-CEVUK:John.3.16","end_verse_id":"eng-CEVUK:John.3.16","text":"<p
        class=\"pi\"><sup id=\"John.3.16\" class=\"v\">16<\/sup>God loved the people
        of this world so much that he gave his only Son, so that everyone who has
        faith in him will have eternal life and never really die.<\/p>","copyright":"<p>Contemporary
        English Version. Copyright &#169; 1995 British &amp; Foreign Bible Society.
        Used by permission.<\/p>"},{"display":"John 3:16","version":"eng-GNTD","version_abbreviation":"GNTD","path":"\/chapters\/eng-GNTD:John.3\/verses.js?start=16&end=16","start_verse_id":"eng-GNTD:John.3.16","end_verse_id":"eng-GNTD:John.3.16","text":"<p
        class=\"p\"><sup id=\"John.3.16\" class=\"v\">16<\/sup>For God loved the world
        so much that he gave his only Son, so that everyone who believes in him may
        not die but have eternal life.<\/p>","copyright":"<p>Good News Translation
        (Today&#8217;s English Version, Second Edition) &#169; 1992 American Bible
        Society. All rights reserved.<\/p>"},{"display":"John 3:16","version":"eng-CEV","version_abbreviation":"CEV","path":"\/chapters\/eng-CEV:John.3\/verses.js?start=16&end=16","start_verse_id":"eng-CEV:John.3.16","end_verse_id":"eng-CEV:John.3.16","text":"<p
        class=\"pi\"><sup id=\"John.3.16\" class=\"v\">16<\/sup>God loved the people
        of this world so much that he gave his only Son, so that everyone who has
        faith in him will have eternal life and never really die.<\/p>","copyright":"<p>Contemporary
        English Version\u00ae \u00a9 1995 American Bible Society.  All rights reserved.<\/p>\n<p>Bible
        text from the Contemporary English Version (CEV) is not to be reproduced in
        copies or otherwise by any means except as permitted in writing by American
        Bible Society, 1865 Broadway, New York, NY 10023 (<a href=\"http:\/\/www.americanbible.org\/\">www.americanbible.org<\/a>).<\/p>"},{"display":"John
        3:16","version":"eng-GNBDC","version_abbreviation":"GNBDC","path":"\/chapters\/eng-GNBDC:John.3\/verses.js?start=16&end=16","start_verse_id":"eng-GNBDC:John.3.16","end_verse_id":"eng-GNBDC:John.3.16","text":"<p
        class=\"p\"><sup id=\"John.3.16\" class=\"v\">16<\/sup><span class=\"wj\">For
        God loved the world so much that he gave his only Son, so that everyone who
        believes in him may not die but have eternal life.<\/span><\/p>","copyright":"<p>Good
        News Bible with Deuterocanonicals\/Apocrypha. Scripture taken from the Good
        News Bible (r) (Today''s English Version Second Edition, UK\/British Edition).
        Copyright \u00a9 1992 British &amp; Foreign Bible Society. Used by permission.<\/p>\n\n<p>Good
        News Bible. Scripture taken from the Good News Bible (r) (Today''s English
        Version Second Edition, UK\/British Edition). Copyright \u00a9 1992 British
        &amp; Foreign Bible Society. Used by permission.<\/p>"},{"display":"John 3:16","version":"eng-NASB","version_abbreviation":"NASB","path":"\/chapters\/eng-NASB:John.3\/verses.js?start=16&end=16","start_verse_id":"eng-NASB:John.3.16","end_verse_id":"eng-NASB:John.3.16","text":"<p
        class=\"p\"><sup id=\"John.3.16\" class=\"v\">16<\/sup><span class=\"wj\">\u201cFor
        God so loved the world, that He gave His only begotten Son, that whoever believes
        in Him shall not perish, but have eternal life.<\/span><\/p>","copyright":"\n      New
        American Standard Bible, Copyright  1960,1962,1963,1968,1971,1972,1973,1975,1977,1995
        by The Lockman Foundation.  Used by permission.\n    "},{"display":"John 3:16","version":"eng-ESV","version_abbreviation":"ESV","path":"\/chapters\/eng-ESV:John.3\/verses.js?start=16&end=16","start_verse_id":"eng-ESV:John.3.16","end_verse_id":"eng-ESV:John.3.16","text":"<h3
        class=\"s1\">For God So Loved the World<\/h3>\n<p class=\"p\"><sup id=\"John.3.16\"
        class=\"v\">16<\/sup><span class=\"wj\">\u201cFor <\/span><span class=\"wj\">God
        so loved <\/span><span class=\"wj\">the world,<\/span><span class=\"wj\">that
        he gave his only Son, that whoever believes in him should not <\/span><span
        class=\"wj\">perish but have eternal life.<\/span><\/p>","copyright":"<p>Scripture
        quotations marked (ESV) are from The Holy Bible, English Standard Version\u00ae,
        copyright \u00a9 2001 by Crossway Bibles, a publishing ministry of Good News
        Publishers. Used by permission. All rights reserved.<\/p>"},{"display":"John
        3:16","version":"eng-KJVA","version_abbreviation":"KJVA","path":"\/chapters\/eng-KJVA:John.3\/verses.js?start=16&end=16","start_verse_id":"eng-KJVA:John.3.16","end_verse_id":"eng-KJVA:John.3.16","text":"<h3
        class=\"s1\">God So Loved the World<\/h3>\n<p class=\"p\"><sup id=\"John.3.16\"
        class=\"v\">16<\/sup>For God so loved the world, that he gave his only begotten
        Son, that whosoever believeth in him should not perish, but have everlasting
        life.<\/p>","copyright":"<p>King James Version 1611, spelling, punctuation
        and text formatting modernized by ABS in 1962; typesetting \u00a9 2010 American
        Bible Society.<\/p>"},{"display":"John 3:16","version":"eng-AMP","version_abbreviation":"AMP","path":"\/chapters\/eng-AMP:John.3\/verses.js?start=16&end=16","start_verse_id":"eng-AMP:John.3.16","end_verse_id":"eng-AMP:John.3.16","text":"<p
        class=\"p\"><sup id=\"John.3.16\" class=\"v\">16<\/sup>For God so greatly
        loved <span class=\"it\">and<\/span> dearly prized the world that He [even]
        gave up His only begotten (unique) Son, so that whoever believes in (trusts
        in, clings to, relies on) Him shall not perish (come to destruction, be lost)
        but have eternal (everlasting) life.<\/p>","copyright":"\n1954, 1958, 1962,
        1964, 1965, 1987 by The Lockman Foundation\n      "},{"display":"John 3:16","version":"eng-KJV","version_abbreviation":"KJV","path":"\/chapters\/eng-KJV:John.3\/verses.js?start=16&end=16","start_verse_id":"eng-KJV:John.3.16","end_verse_id":"eng-KJV:John.3.16","text":"<p
        class=\"p\"><sup id=\"John.3.16\" class=\"v\">16<\/sup>For God so loved the
        world, that he gave his only begotten Son, that whosoever believeth in him
        should not perish, but have everlasting life.<\/p>","copyright":""},{"display":"Ioan
        3:16","version":"cym-BNET","version_abbreviation":"BNET","path":"\/chapters\/cym-BNET:John.3\/verses.js?start=16&end=16","start_verse_id":"cym-BNET:John.3.16","end_verse_id":"cym-BNET:John.3.16","text":"<p
        class=\"p\"><sup id=\"John.3.16\" class=\"v\">16<\/sup>\u201cYdy, mae Duw
        wedi caru''r byd cymaint nes iddo roi ei unig Fab, er mwyn i bwy bynnag sy''n
        credu ynddo beidio mynd i ddistryw ond cael bywyd tragwyddol.<\/p>","copyright":"<p>beibl.net
        - hawlfraint \u00a9 2013 Gobaith i Gymru, copyright \u00a9 2013 Gobaith i
        Gymru (Hope for Wales)<\/p>"},{"display":"Ioan 3:16","version":"cym-BCN","version_abbreviation":"BCN","path":"\/chapters\/cym-BCN:John.3\/verses.js?start=16&end=16","start_verse_id":"cym-BCN:John.3.16","end_verse_id":"cym-BCN:John.3.16","text":"<p
        class=\"p\"><sup id=\"John.3.16\" class=\"v\">16<\/sup>Do, carodd Duw y byd
        gymaint nes iddo roi ei unig Fab, er mwyn i bob un sy''n credu ynddo ef beidio
        \u00e2 mynd i ddistryw ond cael bywyd tragwyddol.<\/p>","copyright":"<p>\u00a9
        Cymdeithas y Beibl<\/p>\n<p>\u00a9 British &amp; Foreign Bible Society<\/p>"},{"display":"Jo\u00e3o
        3:16","version":"por-NTLH","version_abbreviation":"NTLH","path":"\/chapters\/por-NTLH:John.3\/verses.js?start=16&end=16","start_verse_id":"por-NTLH:John.3.16","end_verse_id":"por-NTLH:John.3.16","text":"<p
        class=\"p\"><sup id=\"John.3.16\" class=\"v\">16<\/sup>Porque Deus amou o
        mundo tanto, que deu o seu \u00fanico Filho, para que todo aquele que nele
        crer n\u00e3o morra, mas tenha a vida eterna.<\/p>","copyright":"<p>Nova Tradu&#231;&#227;o
        na Linguagem de Hoje, &#169; 2000 Sociedade B&#237;blica do Brasil. Todos
        os direitos reservados.<\/p>\n      <p>Idioma: Portugu&#234;s<\/p>\n      <p>Ano:
        2000<\/p>"},{"display":"S.Juan 3:16","version":"spa-RVR60","version_abbreviation":"RVR60","path":"\/chapters\/spa-RVR60:John.3\/verses.js?start=16&end=16","start_verse_id":"spa-RVR60:John.3.16","end_verse_id":"spa-RVR60:John.3.16","text":"<p
        class=\"p\"><sup id=\"John.3.16\" class=\"v\">16<\/sup>Porque de tal manera
        am\u00f3 Dios al mundo, que ha dado a su Hijo unig\u00e9nito, para que todo
        aquel que en \u00e9l cree, no se pierda, mas tenga vida eterna.<\/p>","copyright":"<p>El
        texto b\u00edblico ha sido tomado de la versi\u00f3n Reina-Valera \u00a9 1960
        Sociedades B\u00edblicas en Am\u00e9rica Latina; \u00a9 renovado 1988 Sociedades
        B\u00edblicas Unidas.  Utilizado con permiso.<\/p>\n<p>Reina-Valera 1960\u00ae
        es una marca registrada de American Bible Society, y se puede usar solamente
        bajo licencia.<\/p>"}]}},"meta":{"fums":"<script>\nvar _BAPI=_BAPI||{};\nif(typeof(_BAPI.t)===''undefined''){\ndocument.write(''\\x3Cscript
        src=\"''+document.location.protocol+''\/\/d2ue49q0mum86x.cloudfront.net\/include\/fums.c.js\"\\x3E\\x3C\/script\\x3E'');}\ndocument.write(\"\\x3Cscript\\x3E_BAPI.t(''525865fbd3fd57.17197299'');\\x3C\/script\\x3E\");\n<\/script><noscript><img
        src=\"https:\/\/d3a2okcloueqyx.cloudfront.net\/nf1?t=525865fbd3fd57.17197299\"
        height=\"1\" width=\"1\" border=\"0\" alt=\"\" style=\"height: 0; width: 0;\"
        \/><\/noscript>","fums_tid":"525865fbd3fd57.17197299","fums_js_include":"d2ue49q0mum86x.cloudfront.net\/include\/fums.c.js","fums_js":"var
        _BAPI=_BAPI||{};if(typeof(_BAPI.t)!=''undefined''){ _BAPI.t(''525865fbd3fd57.17197299'');
        }","fums_noscript":"<img src=\"https:\/\/d3a2okcloueqyx.cloudfront.net\/nf1?t=525865fbd3fd57.17197299\"
        height=\"1\" width=\"1\" border=\"0\" alt=\"\" style=\"height: 0; width: 0;\"
        \/>"}}}'
    http_version: 
  recorded_at: Fri, 11 Oct 2013 20:56:29 GMT
- request:
    method: get
    uri: http://<%= api_key %>:X@bibles.org/v2/search.js?query=Mahershalalhashbaz
    body:
      encoding: US-ASCII
      string: ''
    headers: {}
  response:
    status:
      code: 302
      message: Found
    headers:
      Server:
      - nginx/1.2.6
      Date:
      - Fri, 11 Oct 2013 20:56:28 GMT
      Content-Type:
      - text/html
      Content-Length:
      - '0'
      Connection:
      - keep-alive
      X-Powered-By:
      - PHP/5.3.23
      Set-Cookie:
      - abs_session=%2FeHe9%2BC%2FSmB1ekX3CJWpb4mxtagrWHedvwimJrvvxWZB0A4gIv4LJ5Mp70DtgiPo9%2FDqnn8Uus3jppHE5M0le8aOWvxI3pt2RO92Qb3fUZ4yAH3IeUamgP5RM5WG8FpotIMUkIy6fzI2ttShLx%2F9DLbDETM5jF6Fw4AizQFU8UGf4LL0M3ojuh78SMN0kbcNMouK7MlINuKiUFkkZOK%2BtesK1MRtk0HNzHYpDVtdkGI1f30oyJtiJoLeEwSEgMPFF8NTcXcI7TcfQAjz%2BVmbLNnLuuJUvntiTHr5ReYnYH3QUQOIQ%2FyJhE7Xl3pNQwl%2BJdSVkPONv7eV57PzYHepLWiQYnAIgCS2U2wtsgLZ%2F1FDDoGZhO4OAPrFsuJJVYSjlRSxpO2CwLAKPQgS8Youco2YBED5arci%2FOgClgTPTWRo7ShqwP%2FmclVyDVuwCD7Vrr5faocDFNewfzRLBc8NPGsDX6%2Fey8vepqnrKVTBCk2C7jr4yzBGaNb6FZLFy%2BiJLK9pDU5SG%2FbFdk9%2B9QN9IpPmlyYkz8jZu3LZo7tCEb4%3D;
        expires=Mon, 09-Oct-2023 20:56:29 GMT; path=/; domain=.bibles.org
      - abs_session=E%2FoLuU0uaNoMrMA2zMGPKxeE%2Fea8UUXaSDpDKwHONLttf4F0wGpGJzyY18IKGwUIrSSpScHf1ENJu9gHlT6R6dnvCOy6YKadYOdNk7HJrrElTu5VTmEA2nBxSJjeWt2Y7A9gJRaL8gzOlZtzJ9Fhz33w7YHMPB3TVcmmcbyvm37Z5NSTSOfNb3DkfV%2F0tz8%2BlUwPDVolDEbA5huK73%2BCd2BSEGXJBbryMsk3HPW7t088hU3RnCl6OUuh%2BDa6aukXpQcFs8cpgRTHobVvoNwvCn32tew8VcFazQuVJG6zN0X9P1oqDw1maT8fYkdV5eZKOySoilXy1FgQ9HAZNObLQFjoBum8ZXQ3dRqmz%2Fu2MxbfhfDKerxWjIJfwmLqpHYONMzLAyYeDfdDdoP%2BGw3g3FFM3aJK4L0XoZ%2BtVzaexzU%3D;
        expires=Mon, 09-Oct-2023 20:56:29 GMT; path=/; domain=.bibles.org
      - abs_session=GAqJ1FhKT9gUY9%2FQCmxpMAAM0UhwbsRTbd2BrulckqX6rSXj%2FrUody23KaRBuN73osizzZ6QIpXcm5d0DAq8c9%2By3Pd4TdO2qiAswUVmOg7UR5iZaJBx18II9%2FukAeIPam0JpFFKhT09D0BBgzGPD02cvrTfec6WdM%2BMa57GjfZZkbvYznhi0m6r9EKxw2560U2J8ixx64Y5dBOqVjEOdb%2FzOajAr33L7Q0YqHcHR%2Bp5SvR3s61cp2YjA16vfWkGtF34gu5YpiDb8vu50Cr0%2BvsMhBLtEDt3BQR60J2UbFVSGo91UdBwoeCjxGbzA2s1uz57a%2BsT6kKZzY2Bfa3er1d1NMprNVS9vWxo44bm4hVx%2BRElxCMlrf64a6woDTOj;
        expires=Mon, 09-Oct-2023 20:56:29 GMT; path=/; domain=.bibles.org
      - abs_session=HW294Gx8LkeN1qAKzb2Yt9XEtIJoTP%2F0JoynrXNYR51mCFqQHFAZoSX%2BDzCq5OXfyd%2B4DUeHHa%2F7Fyudx65thUa4ZNTsSwVUIsKHGb1NDuUYsrzi%2FSHpVJzjcWjuFWb%2BppL5v%2F2ZKiIdjuS%2F8uJ224XgkNinNppp54XwyL5yGTYcw6YbNRlOqfXGpghicvLnlXbpNqkgjyioogQpTFrNXI3U3vlt2B9ZjcKkREM97H43IYQ5zTmsLN9BANpjUSSNEsUqYFFbOCO%2BqjZNquUpmIj6zoj2n%2F2hwOzLmInW7sI%3D;
        expires=Mon, 09-Oct-2023 20:56:29 GMT; path=/; domain=.bibles.org
      - abs_session=MChscCgtBx%2FH2T1kAysCXW71uCU3ysCcN3A812KNKyBHRfKjnnSKseHO63PzZyQiS4EaE7NZy0w2utUsRQV4rot0qsvovwACiTbOseRIF13%2FJRniT2iZspIpee5BIUgQn%2B6eJGPTpndVpNotPg4h3GMaqvcZoloaWlrzzqsbGxm7YO7piZTK3vPOjQpgevDo199fEOsSAhdq%2BwICu%2FbFxL0w56HpFmGsYlbBXH8gTfMQ0wfDq50X0EuWabnC8OUsfhaHr0sQrBN8%2Bow0KA61pdkjyVo9AMl9z%2FnKMKRTpUtagzkbbzO40QGtgk1afqvtWzON1oLOrP9VzUE752UcAXjbADL6U1C%2FgubHrc5SlrB4ZkVEV5S7GAWx8PsFPMnNjv4kl3t63%2B5kCvqyqoG%2BRO3uTCkIx6IWryo4OLmnddzwHOmW4xUgMBejPIY9F%2BcMEnYZF7Jhn3Yv2POh3wLmnWTF3X26n7DjT3c91%2BJaNzW3O694VnIj4%2FCny2FL3QaIsg6QA1otWZ5FI95tYfW9cbqoyKEOiI7u2X%2BvGWFpc70%3D;
        expires=Mon, 09-Oct-2023 20:56:29 GMT; path=/; domain=.bibles.org
      - abs_session=OLTIYu7OLd%2FakA29%2FZi4yPXu%2F5i5ag%2F6m6pnNKZegzbM%2FMzijKTr8h6EbEmRZxtvs9D5Xb3Mzt0G5HyfmXeokGrjTwiNP5XB2B%2FRvFdPb5GHjVjIJvzUSuP4pi0Nb9ai3mU1DtPEm1E2T0OW0EkY%2FuXoayD3paaTS%2Frpa0D9xpQu0XRb2khk2VZMEnaz8159DNky%2Bn2R0aaKiEXn%2BRUAZg6bpSWrBKj6OCDOEObB3T7ELBho23ziuYHcxSuDDNfcAhPDav34LdH%2BPCLie%2FQ0XFC7RcDFfgwtFO3FuP%2BXssX0zY1%2FMq%2BSjrYN2f7eeBX2xloIObeETx5j2zwt62KMqVgACmog9m%2FhG1hmYQLLQNn49DRPq3gVdvhBD5XPmBOQ1sOigfG5md6L8xtskDxPYaJd3BiuqO%2BBzge%2F9QuIoR9Np1N7TUd8xRX%2F6eeLdrm6DtWOV4oKDsFiACM4ZjIuU9J4v2TWWfT87ojnVEkJ%2BWD5J5XiPlb09XCvAjSNys2xqU9ywtSzIS%2FjLJo%2FemiUf1YjECbvx5r34A%2BMvRwPxNg%3D;
        expires=Mon, 09-Oct-2023 20:56:29 GMT; path=/; domain=.bibles.org
      - abs_session=OhCLl%2BgyATiLji4G2PLr9YxBpMra2Y7N9KtTX%2BsDNASR%2B%2BOvy12Yg2%2BX5RKsxPh9kzKdd1uOCWkU98YPQSE60xu4Vyyfi5rcG6ySvAMAW3aoQTAlOO%2FJI8suDQo9au4RTf%2FxfFXp0YYDbXIEtQSBIWyoYMSgyFoQmdZM%2FOURnQWRWsYVBWOAUrXY9vmpyb5RgsKsmQ1V0LTdjioZg8%2FnISLeikyJwYf%2B7nQNH3hvIE82xC5ooszfvPF6a%2Fh%2Bofhh2lm%2Bt6rYVrViNAwuNJKQ9nPn8O9Y2%2FnTMypKK55F5U6MPYmDJfYcNHHwAF%2F%2FA0kkJ%2FbEcEyHIE2XR2O3FZAfry7y6PfoaON5%2B5y76tn%2FoJ5Vb0%2Fe%2FO5ZYRZvdEF%2BDs5KzXZeZDqiH%2BtpogQ4%2F6zYdUMZFJzFUTdcGjzeq8sm1qkr%2BjlRJm4450df6a3V18qP8Jah7cK9CCcjUrycPdd8KDJvw%2BkRPGYvXZ7V%2BcTumE8P%2FNwo76yRUO5Ogs8PPmyi;
        expires=Mon, 09-Oct-2023 20:56:29 GMT; path=/; domain=.bibles.org
      - abs_session=Xq9sg7YpvJeC%2F%2FI9lKpDgKCHg%2FxK4PiqlnlWXYwxwjvrOfXtUNLYJ28kpymkuc8qBym2qw7JW%2BpKa5CTVAFzxYr7snikGm%2BPCEbyv8Vipp4mkyoBgbICkISWDs3y3K%2BFRZSdoGlcfSAFcUFDG%2Btt3tkBgr%2FF%2FvnA3EMw9PjLvYZDiRu1iZgdvidD%2B1cmPX9FnJv4%2Fz8rh3rbqkmIsIRcujDI7VxZucTHOxWbQCcNK3Ay6IoBPTx%2FBn%2FD0HcBc19Rkto8b9Y4Ss873B6VsST5X3xByjbnjsIqBQMtDbW7ffyTS%2BOZuClt18BYNl0UwPwrf6k5nGCNV8zk5F2AIksAcdWrLl6K9xyVFHLrjCdTn%2By%2BTf7%2BNEFn5lVZBDRQAvY4OuF7mGgsUHUWy63THT6qFyFmzd5eysbhRbet%2Fh7jyefx4uI3M11EwqWqliUQrtf64sPDUUgL6p0oc8Qx1lb%2FedifMcYRWaZDDz4EfhwNJLco6s%2B%2Ba0R6S2JSZy50rlGyvAIk6kzLr%2BokwtgoY4jRmwbfv7HvBYNi2yNYQgX7E0w%3D;
        expires=Mon, 09-Oct-2023 20:56:29 GMT; path=/; domain=.bibles.org
      - abs_session=YnD%2Fgd1L2kehqzJDaxw3o3YCNAWx44FwH40luQGFnUKVEM%2BZrwdiiM8%2FvbYS%2FQ4zQG%2FMSEpejFaB4RI2MsmnWoQB0dkIu5dOeE5XrAXOjJwpuk%2ByrIgmUEp54iMCZYH%2Fv3XrIb9%2B3c384Pqjf9j8y879aP07ig2r92NjmWoLSeBIyCzMaccryfzZWKC3mSXBi5dpBaLKw7vsCuaEtRUAocJuyHa07xPy1lbpv2ZK8awteTQyVnRi1stE4wMgcnZ8ZSS1kG%2BeqU3vYHWx6ogD%2Bp3bdWZ%2BuQmOOuz2A6zHUYfneX5PM1u0w2wHGmHXk2FEyhN5iuK4dMJe6EyOmg8hxe56Cv8ZKHnLcYggEUtvbcpvDqJgxAcq1YDWhrjxo7lpzN3NcLVSm45WVSVHWbJh4L4UUr4rlhVbO9SasUWeF43FOEb3%2FpAXvH699g5eAKEoJxXWgVXAFkNz7fd1VCJNoh%2Be8%2FmQ0wuk6cYbs4039PU2GDZ1g0NwWd77H1IWy20wNQ0iyhu4D5FUodlwkuno61y4LUITxcNoBrkVQLUk41U%3D;
        expires=Mon, 09-Oct-2023 20:56:29 GMT; path=/; domain=.bibles.org
      - abs_session=amyga5u%2BF2UKdZnVHm%2FfR%2FdNlgH6tI2XQBc1qlbz4F8NTKeblsMZC8TsJRE5HqEySJ33%2F5xnSNli3X%2BTdO7MohwMD1asHaBuYBQpFOjVM68RHPfpAv%2FWNttSXTn8wzZ0v%2B7OAwKBcoVUAXy%2FRM6frjiZHSnqpTvTPbBkcwt2hjK93Le8nUTErz8OGrl270nR%2FkWuu8cByb4%2FrEDst3A%2BHLqcoAWrmTDkE7GBAsI5pESsDv96cAaZFivKgnloVTQmd180RMzEzslpQoFW0XsBg93bXo%2BeNw6cFRLlsLtT7Nv2UKlKDBo7Xec42qf0VCRJqXdVYs4EZy3rFXhGPbcUEtE2Ac0l%2FxdZebg9iNTc1TwyF7MQrabvdAKTEXWlUMr4KJFvAAAakm78ce2HQ%2FHyvf0ob7IavkGmZYjDGZRdnis65aaLsHdNt%2Fjh408dsQZs%2FR9Wkpufsdu26DV1s2%2FYllI9XYiTuRwf4p0k4z55vAlAIKJiAMAFaCgPLZ3O90OgR%2Bqwf3miZ0JQkRtzHlEErqg0dojpmH7X%2Bm3rMD%2Btobo%3D;
        expires=Mon, 09-Oct-2023 20:56:29 GMT; path=/; domain=.bibles.org
      - abs_session=bE7m4X9fUX%2BmEobJblrz3769YfT%2F0yTOgR7svber4OqQO36Wb2dqgokFQYItgj1wUwdx%2BOQqSE3zETVPeaS1nV3vGVo2sW012w4Wrwblcupfib1vQ4JqmM3Zdga0nr7A7JEeNoORTxwNzFJ9RIqlhziNNW94wJLO%2Fl6mAYj4vg7tQhDuMP5SCbE7CDKFE8uNqw1f%2BXto2r1SVi5uq1wfiOqNqNd2HVExN3kb%2FMpK8qaP2AOmDrtx553UMouMzLl%2B76IYWjIQV7FDKQmEVuOudyLR327izK6OI9QN9%2FRlhBWq2VujgDid55n4Q%2FKYR2MmFq6%2B3JOmOFnw6j6PI1eYrVxRG5EtNRX450DMVSXQHL7JBeVNkbi8VQztftLv4boi53WR%2Fp%2Fss8IMJ0qDx7zU%2F42wx8BZHm4TdivZ07ikLIAf4DRbluvXciX0FPv8p5mTwHrAwbgXehNtE2N%2B3lxTS9b9c3Ds07PfiGT7%2FGy41rWfFQbcylV%2FIsIYRc3afrMf1lqtXKS82%2F9XdLeSJYpiVbbSCf5EL8jb66UhVOwrHyk%3D;
        expires=Mon, 09-Oct-2023 20:56:29 GMT; path=/; domain=.bibles.org
      - abs_session=kobOEt0CP4bqn1QSyAqLwaArbHNMSKbM87m0T6ThluALtSzx9I%2F1L9q8QETA2tX1YA4brhS3i6d98CarSREpKuwVIpCZ%2B7P2vcibaWQDqH5%2F6wm9CpmcA%2BFWd9bYrcRMn6P7rZDdoiiq4EgDW6ZedPQmj3kPHEDG7tnVzyWiDZabCey0qCxhhIWDSBwojtFEabo9IvrBjhqpwIsQ%2FJDl%2FzpklqpOpEs3olUuPuxIZe0kbMcc7tR%2BAgyhlJNZ3EioaCtYiwdOXv6GyF1YuhjZrW3FrY28inra8QlS7hlgSF7icF580fwOk5h9mwFQg0yTM%2B2nBQqfox3KrOj01vKBNhmD4J%2BsS7v26Z%2B7ahVUGYW2gbsFlyPCWAxnvpfeRwYFB1LVPkGTFndxCulqSMTDIG54TMW%2B3ViSJgBYnAUKYtgYYUNLFO3qTVrRkaWMNPsOPhcdeococ%2FjT6z%2B2BS7%2BLw%3D%3D;
        expires=Mon, 09-Oct-2023 20:56:29 GMT; path=/; domain=.bibles.org
      - abs_uid=dfc49fab79ed9aca638ca14268673829419ad423; expires=Mon, 09-Oct-2023
        20:56:29 GMT; path=/; domain=.bibles.org
      Location:
      - http://bibles.org/v2/verses.js?keyword=Mahershalalhashbaz&version=ALL
      Vary:
      - Accept-Encoding
    body:
      encoding: US-ASCII
      string: ''
    http_version: 
  recorded_at: Fri, 11 Oct 2013 20:56:29 GMT
- request:
    method: get
    uri: http://<%= api_key %>:X@bibles.org/v2/verses.js?keyword=Mahershalalhashbaz&version=ALL
    body:
      encoding: US-ASCII
      string: ''
    headers:
      Cookie:
      - abs_session=HW294Gx8LkeN1qAKzb2Yt9XEtIJoTP%2F0JoynrXNYR51mCFqQHFAZoSX%2BDzCq5OXfyd%2B4DUeHHa%2F7Fyudx65thUa4ZNTsSwVUIsKHGb1NDuUYsrzi%2FSHpVJzjcWjuFWb%2BppL5v%2F2ZKiIdjuS%2F8uJ224XgkNinNppp54XwyL5yGTYcw6YbNRlOqfXGpghicvLnlXbpNqkgjyioogQpTFrNXI3U3vlt2B9ZjcKkREM97H43IYQ5zTmsLN9BANpjUSSNEsUqYFFbOCO%2BqjZNquUpmIj6zoj2n%2F2hwOzLmInW7sI%3D
  response:
    status:
      code: 200
      message: OK
    headers:
      Server:
      - nginx/1.2.6
      Date:
      - Fri, 11 Oct 2013 20:56:29 GMT
      Content-Type:
      - application/javascript
      Content-Length:
      - '3440'
      Connection:
      - keep-alive
      X-Powered-By:
      - PHP/5.3.23
      Set-Cookie:
      - abs_session=1WacCRgx5gOW5TgPni9VSg8Aa1un5P7p7Y49zt7zhizm%2BRt7RECelVkR0IHeLOFFqGwtaEKq45YeEx5lRXyr%2F6Serpo5Uy9vvT6pQT56jAJWI5dn411RYB9Hn3NuDQ08WKqLSWWL5hWv44dna5vzXkhKRP2OlJQUs0qke5dQOLrJuUBX4ii%2BJqN1zAPFv%2BpZ%2Ba7hX61BoGJY%2F0LetJw0lc7Mi%2BMQJbzOYClUMDVATNt9QpD13ZcrXjJJqskAkALYo83LYolUPYbyX5YN01WOZ8iQD%2BeAQPunnKtqrgO89eU1lWLFc5eKxgGYhzwZV81Kqdph5v4Yd7pJWKErcGa54fJ2dr6c8H9vxE3IQTnBxV7u83JVKkCWldabhHA677hP;
        expires=Mon, 09-Oct-2023 20:56:30 GMT; path=/; domain=.bibles.org
      - abs_session=M%2FitqUolyvoeoqP9hZRhbMAYfHBaiq%2F9dxpzNSBtVOpSkIIDd9raCMBrjSFsIXnI1mkGVWRQkhMmT%2BU%2FCG88uT53DwzrKxHcMBkMjmVIc9A3coIEiyw2Q0uOz1%2FBq4KVYIIjsy9GG7nWPzGRRsh%2F5jIRMAR6Nklhu5muM7P%2FLi2HzMjFzMGnVhxdWu0wdXPHytGU%2BDViu%2FsY9g5rLfcdg373U2TxIP99EOidbS4LoHHgeh2tbYE%2Fi90ycpt4iN7qRcAn2znwAzW8cTybE%2Bo3%2BJnJjVfBjj9gOTswxPXoA9IfHzDnRt0oZ2gWR6NRZvRahg2E6Vogiv95RFMbvsW7p3DoioJMpMMA7lumqmJtxPOFaUh56x2KNKCMGV3Iyuc2;
        expires=Mon, 09-Oct-2023 20:56:30 GMT; path=/; domain=.bibles.org
      - abs_session=t5ladtCRAYl8a%2FOEgrUZs5HmjCRf1NhU4rLTGm8gMaF9wQFzoRs7bkyyNshBCRqnoWrfu1DcYuy%2FEH21Qb88L1%2B%2FoK1CN4GjEkofyks1FtZSn1CCWgGdCTKmg7U1AFYymGtTELmMGmsKyq%2FFEjbUTnG%2BKouwfM%2Flwc4Jzkz%2BGkluyAQnWIA12EBBlnCMeyCI29eJfVpAzC9tx7%2BOAR7mSx4JXZ2kVoDyi2FhxjjbuUPDlhfaK8odbT%2Bh9c9ZabdAkT%2FqhtPlNlRQQUPuna5xJA1X7WGCzgd6FIL0HcmwavsaRCtoe3wNZMl3Dpz50u2OFr4Pogj4M3NFcpjV4EXMD4j6eXB3ubdVg3CzmVVkuCLI5CELeUqzjxAFUrmz09JJ;
        expires=Mon, 09-Oct-2023 20:56:30 GMT; path=/; domain=.bibles.org
      - abs_uid=63f82e55c141375934c44b566dd85d2d8dbac7a4; expires=Mon, 09-Oct-2023
        20:56:30 GMT; path=/; domain=.bibles.org
    body:
      encoding: US-ASCII
      string: ! '{"response":{"search":{"result":{"type":"verses","summary":{"query":"Mahershalalhashbaz","start":1,"total":5,"rpp":"15","sort":"relevance","versions":["eng-MSG","cym-BNET","eng-CEVUK","eng-GNTD","por-NTLH","eng-CEV","cym-BCN","eng-GNBDC","spa-RVR60","eng-NASB","eng-ESV","eng-KJVA","eng-AMP","eng-KJV"],"testaments":["OT","NT"]},"spelling":[],"verses":[{"auditid":"0","verse":"3","lastverse":"3","id":"eng-CEVUK:Isa.8.3","osis_end":"eng-CEVUK:Isa.8.3","label":"Isa.008.003,eng-CEVUK","reference":"Isaiah
        8:3","text":"<sup>3<\/sup>Some time later, my wife and I had a son, and the  LORD  said,
        \u201cName him <em>Maher-Shalal-Hash-Baz<\/em>.","parent":{"chapter":{"path":"\/chapters\/eng-CEVUK:Isa.8","name":"Isaiah
        8","id":"eng-CEVUK:Isa.8"}},"next":{"verse":{"path":"\/verses\/eng-CEVUK:Isa.8.4","name":"Isaiah
        8:4","id":"eng-CEVUK:Isa.8.4"}},"previous":{"verse":{"path":"\/verses\/eng-CEVUK:Isa.8.2","name":"Isaiah
        8:2","id":"eng-CEVUK:Isa.8.2"}},"copyright":"<p>Contemporary English Version.
        Copyright &#169; 1995 British &amp; Foreign Bible Society. Used by permission.<\/p>"},{"auditid":"0","verse":"1","lastverse":"1","id":"eng-CEVUK:Isa.8.1","osis_end":"eng-CEVUK:Isa.8.1","label":"Isa.008.001,eng-CEVUK","reference":"Isaiah
        8:1","text":"<sup>1<\/sup>The  LORD  said, \u201cIsaiah, get something to
        write on. Then write in big clear letters the name, <em>MAHER-SHALAL-HASH-BAZ<\/em>.","parent":{"chapter":{"path":"\/chapters\/eng-CEVUK:Isa.8","name":"Isaiah
        8","id":"eng-CEVUK:Isa.8"}},"next":{"verse":{"path":"\/verses\/eng-CEVUK:Isa.8.2","name":"Isaiah
        8:2","id":"eng-CEVUK:Isa.8.2"}},"previous":{"verse":{"path":"\/verses\/eng-CEVUK:Isa.7.25","name":"Isaiah
        7:25","id":"eng-CEVUK:Isa.7.25"}},"copyright":"<p>Contemporary English Version.
        Copyright &#169; 1995 British &amp; Foreign Bible Society. Used by permission.<\/p>"},{"auditid":"0","verse":"3","lastverse":"4","id":"eng-MSG:Isa.8.3","osis_end":"eng-MSG:Isa.8.4","label":"Isa.008.003,eng-MSG","reference":"Isaiah
        8:3-4","text":"<sup>3-4<\/sup>God told me, \"Name him <em>Maher-shalal-hash-baz<\/em>.
        Before that baby says ''Daddy'' or ''Mamma'' the king of Assyria will have
        plundered the wealth of Damascus and the riches of Samaria.\"","parent":{"chapter":{"path":"\/chapters\/eng-MSG:Isa.8","name":"Isaiah
        8","id":"eng-MSG:Isa.8"}},"next":{"verse":{"path":"\/verses\/eng-MSG:Isa.8.5","name":"Isaiah
        8:5-8","id":"eng-MSG:Isa.8.5"}},"previous":{"verse":{"path":"\/verses\/eng-MSG:Isa.8.2","name":"Isaiah
        8:2-3","id":"eng-MSG:Isa.8.2"}},"copyright":null}]}},"meta":{"fums":"<script>\nvar
        _BAPI=_BAPI||{};\nif(typeof(_BAPI.t)===''undefined''){\ndocument.write(''\\x3Cscript
        src=\"''+document.location.protocol+''\/\/d2ue49q0mum86x.cloudfront.net\/include\/fums.c.js\"\\x3E\\x3C\/script\\x3E'');}\ndocument.write(\"\\x3Cscript\\x3E_BAPI.t(''525865fe019d78.60510895'');\\x3C\/script\\x3E\");\n<\/script><noscript><img
        src=\"https:\/\/d3a2okcloueqyx.cloudfront.net\/nf1?t=525865fe019d78.60510895\"
        height=\"1\" width=\"1\" border=\"0\" alt=\"\" style=\"height: 0; width: 0;\"
        \/><\/noscript>","fums_tid":"525865fe019d78.60510895","fums_js_include":"d2ue49q0mum86x.cloudfront.net\/include\/fums.c.js","fums_js":"var
        _BAPI=_BAPI||{};if(typeof(_BAPI.t)!=''undefined''){ _BAPI.t(''525865fe019d78.60510895'');
        }","fums_noscript":"<img src=\"https:\/\/d3a2okcloueqyx.cloudfront.net\/nf1?t=525865fe019d78.60510895\"
        height=\"1\" width=\"1\" border=\"0\" alt=\"\" style=\"height: 0; width: 0;\"
        \/>"}}}'
    http_version: 
  recorded_at: Fri, 11 Oct 2013 20:56:30 GMT
recorded_with: VCR 2.6.0
